127.0.0.1 - - [08/May/2025:11:46:13 +0900] "GET / HTTP/1.1" 404 808
0:0:0:0:0:0:0:1 - - [08/May/2025:11:46:13 +0900] "GET /Servlet/ HTTP/1.1" 200 151
0:0:0:0:0:0:0:1 - - [08/May/2025:11:46:13 +0900] "GET /favicon.ico HTTP/1.1" 404 819
127.0.0.1 - - [08/May/2025:11:47:03 +0900] "GET / HTTP/1.1" 404 808
0:0:0:0:0:0:0:1 - - [08/May/2025:11:47:03 +0900] "GET /Servlet/ HTTP/1.1" 200 151
127.0.0.1 - - [08/May/2025:11:59:27 +0900] "GET / HTTP/1.1" 404 808
0:0:0:0:0:0:0:1 - - [08/May/2025:11:59:27 +0900] "GET /Servlet/ HTTP/1.1" 200 151
0:0:0:0:0:0:0:1 - - [08/May/2025:11:59:45 +0900] "GET /Servlet/lifecycle HTTP/1.1" 405 826
127.0.0.1 - - [08/May/2025:12:04:43 +0900] "GET / HTTP/1.1" 404 808
0:0:0:0:0:0:0:1 - - [08/May/2025:12:04:44 +0900] "GET /Servlet/lifecycle HTTP/1.1" 200 24
0:0:0:0:0:0:0:1 - - [08/May/2025:12:05:49 +0900] "GET /Servlet/lifecycle HTTP/1.1" 200 24
0:0:0:0:0:0:0:1 - - [08/May/2025:12:05:50 +0900] "GET /Servlet/lifecycle HTTP/1.1" 200 24
0:0:0:0:0:0:0:1 - - [08/May/2025:12:05:50 +0900] "GET /Servlet/lifecycle HTTP/1.1" 200 24
127.0.0.1 - - [08/May/2025:12:06:07 +0900] "GET / HTTP/1.1" 404 808
0:0:0:0:0:0:0:1 - - [08/May/2025:12:06:07 +0900] "GET /Servlet/lifecycle HTTP/1.1" 200 24
0:0:0:0:0:0:0:1 - - [08/May/2025:12:06:53 +0900] "GET /Servlet/lifecycle HTTP/1.1" 200 24
0:0:0:0:0:0:0:1 - - [08/May/2025:12:21:18 +0900] "GET /Servlet/method?name=%EA%B9%80%EC%A1%B0%EC%9D%80&age=20 HTTP/1.1" 404 826
127.0.0.1 - - [08/May/2025:12:21:34 +0900] "GET / HTTP/1.1" 404 808
0:0:0:0:0:0:0:1 - - [08/May/2025:12:21:34 +0900] "GET /Servlet/Method HTTP/1.1" 200 -
0:0:0:0:0:0:0:1 - - [08/May/2025:12:21:50 +0900] "GET /Servlet/method?name=%EA%B9%80%EC%A1%B0%EC%9D%80&age=20 HTTP/1.1" 404 826
0:0:0:0:0:0:0:1 - - [08/May/2025:12:22:37 +0900] "GET /Servlet/method?name=%EA%B9%80%EC%A1%B0%EC%9D%80&age=20 HTTP/1.1" 404 826
0:0:0:0:0:0:0:1 - - [08/May/2025:12:22:38 +0900] "GET /Servlet/method?name=%EA%B9%80%EC%A1%B0%EC%9D%80&age=20 HTTP/1.1" 404 826
127.0.0.1 - - [08/May/2025:12:23:02 +0900] "GET / HTTP/1.1" 404 808
0:0:0:0:0:0:0:1 - - [08/May/2025:12:23:03 +0900] "GET /Servlet/Method HTTP/1.1" 200 -
0:0:0:0:0:0:0:1 - - [08/May/2025:12:23:06 +0900] "GET /Servlet/method?name=%EA%B9%80%EC%A1%B0%EC%9D%80&age=20 HTTP/1.1" 404 826
0:0:0:0:0:0:0:1 - - [08/May/2025:12:24:11 +0900] "GET /Servlet/Method HTTP/1.1" 200 -
0:0:0:0:0:0:0:1 - - [08/May/2025:12:24:22 +0900] "GET /Servlet/Method?name=%EA%B9%80%EC%A1%B0%EC%9D%80&age=20 HTTP/1.1" 200 57
127.0.0.1 - - [08/May/2025:12:45:13 +0900] "GET / HTTP/1.1" 404 808
0:0:0:0:0:0:0:1 - - [08/May/2025:12:45:14 +0900] "GET /Servlet/method/login.jsp HTTP/1.1" 200 529
0:0:0:0:0:0:0:1 - - [08/May/2025:12:46:16 +0900] "GET /Servlet/method/login.jsp HTTP/1.1" 200 574
0:0:0:0:0:0:0:1 - - [08/May/2025:12:46:21 +0900] "POST /method HTTP/1.1" 404 814
0:0:0:0:0:0:0:1 - - [08/May/2025:12:46:59 +0900] "POST /method HTTP/1.1" 404 814
0:0:0:0:0:0:0:1 - - [08/May/2025:12:47:01 +0900] "POST /method HTTP/1.1" 404 814
0:0:0:0:0:0:0:1 - - [08/May/2025:12:47:12 +0900] "GET /Servlet/method/login.jsp HTTP/1.1" 200 582
0:0:0:0:0:0:0:1 - - [08/May/2025:12:47:15 +0900] "POST /Servlet/method HTTP/1.1" 302 -
0:0:0:0:0:0:0:1 - - [08/May/2025:12:47:15 +0900] "GET /Servlet/method/ HTTP/1.1" 404 831
0:0:0:0:0:0:0:1 - - [08/May/2025:12:47:52 +0900] "GET /Servlet/method/login.jsp HTTP/1.1" 200 582
0:0:0:0:0:0:0:1 - - [08/May/2025:12:47:58 +0900] "POST /Servlet/Method HTTP/1.1" 200 55
0:0:0:0:0:0:0:1 - - [08/May/2025:12:49:52 +0900] "POST /Servlet/Method HTTP/1.1" 200 55
0:0:0:0:0:0:0:1 - - [08/May/2025:13:18:38 +0900] "DELETE /Servlet/Method?no=10 HTTP/1.1" 200 -
0:0:0:0:0:0:0:1 - - [08/May/2025:13:18:50 +0900] "DELETE /Servlet/method?no=10 HTTP/1.1" 405 736
0:0:0:0:0:0:0:1 - - [08/May/2025:13:19:31 +0900] "DELETE /Servlet/Method?no=10 HTTP/1.1" 200 -
0:0:0:0:0:0:0:1 - - [08/May/2025:13:19:33 +0900] "DELETE /Servlet/method?no=10 HTTP/1.1" 405 736
0:0:0:0:0:0:0:1 - - [08/May/2025:13:21:44 +0900] "PUT /Servlet/method HTTP/1.1" 400 2299
127.0.0.1 - - [08/May/2025:13:22:54 +0900] "GET / HTTP/1.1" 404 808
0:0:0:0:0:0:0:1 - - [08/May/2025:13:22:55 +0900] "GET /Servlet/method/login.jsp HTTP/1.1" 200 637
0:0:0:0:0:0:0:1 - - [08/May/2025:13:23:04 +0900] "DELETE /Servlet/method?no=10 HTTP/1.1" 405 736
0:0:0:0:0:0:0:1 - - [08/May/2025:13:23:08 +0900] "DELETE /Servlet/Method?no=10 HTTP/1.1" 200 39
127.0.0.1 - - [08/May/2025:13:27:23 +0900] "GET / HTTP/1.1" 404 808
0:0:0:0:0:0:0:1 - - [08/May/2025:13:27:23 +0900] "GET /Servlet/Method HTTP/1.1" 200 -
0:0:0:0:0:0:0:1 - - [08/May/2025:13:27:52 +0900] "PUT /Servlet/method HTTP/1.1" 400 2299
0:0:0:0:0:0:0:1 - - [08/May/2025:13:28:20 +0900] "PUT /Servlet/Method HTTP/1.1" 400 2299
127.0.0.1 - - [08/May/2025:15:57:50 +0900] "GET / HTTP/1.1" 404 808
127.0.0.1 - - [08/May/2025:15:58:22 +0900] "GET / HTTP/1.1" 404 808
0:0:0:0:0:0:0:1 - - [08/May/2025:15:58:23 +0900] "GET /Servlet/TextServlet HTTP/1.1" 200 -
0:0:0:0:0:0:0:1 - - [08/May/2025:15:59:44 +0900] "POST /Servlet/TextServlet HTTP/1.1" 200 -
0:0:0:0:0:0:0:1 - - [08/May/2025:16:03:16 +0900] "POST /Servlet/TextServlet HTTP/1.1" 200 -
127.0.0.1 - - [08/May/2025:16:03:34 +0900] "GET / HTTP/1.1" 404 808
0:0:0:0:0:0:0:1 - - [08/May/2025:16:03:43 +0900] "POST /Servlet/TextServlet HTTP/1.1" 200 18
127.0.0.1 - - [08/May/2025:16:09:23 +0900] "GET / HTTP/1.1" 404 808
0:0:0:0:0:0:0:1 - - [08/May/2025:16:09:40 +0900] "GET /Servlet/HtmlServlet HTTP/1.1" 200 120
127.0.0.1 - - [08/May/2025:16:13:32 +0900] "GET / HTTP/1.1" 404 808
0:0:0:0:0:0:0:1 - - [08/May/2025:16:13:35 +0900] "GET /Servlet/HtmlServlet HTTP/1.1" 200 550
127.0.0.1 - - [08/May/2025:16:36:11 +0900] "GET / HTTP/1.1" 404 808
127.0.0.1 - - [08/May/2025:16:36:17 +0900] "GET / HTTP/1.1" 404 808
0:0:0:0:0:0:0:1 - - [08/May/2025:16:39:15 +0900] "GET /Servlet/JsonServlet HTTP/1.1" 400 2299
0:0:0:0:0:0:0:1 - - [08/May/2025:16:42:24 +0900] "GET /Servlet/JsonServlet HTTP/1.1" 500 2362
0:0:0:0:0:0:0:1 - - [08/May/2025:16:42:49 +0900] "GET /Servlet/JsonServlet HTTP/1.1" 500 2362
0:0:0:0:0:0:0:1 - - [08/May/2025:16:42:52 +0900] "GET /Servlet/JsonServlet HTTP/1.1" 500 2362
127.0.0.1 - - [08/May/2025:16:50:29 +0900] "GET / HTTP/1.1" 404 808
0:0:0:0:0:0:0:1 - - [08/May/2025:16:51:35 +0900] "POST /Servlet/JsonServlet HTTP/1.1" 400 2299
0:0:0:0:0:0:0:1 - - [08/May/2025:16:54:49 +0900] "POST /Servlet/JsonServlet HTTP/1.1" 200 75
127.0.0.1 - - [08/May/2025:17:10:32 +0900] "GET / HTTP/1.1" 404 808
0:0:0:0:0:0:0:1 - - [08/May/2025:17:11:27 +0900] "PUT /Servlet/JsonServlet HTTP/1.1" 200 73
127.0.0.1 - - [08/May/2025:17:16:17 +0900] "GET / HTTP/1.1" 404 808
0:0:0:0:0:0:0:1 - - [08/May/2025:17:16:26 +0900] "GET /Servlet/XmlServlet HTTP/1.1" 200 91
0:0:0:0:0:0:0:1 - - [08/May/2025:17:17:02 +0900] "GET /Servlet/XmlServlet HTTP/1.1" 200 91
0:0:0:0:0:0:0:1 - - [08/May/2025:17:17:02 +0900] "GET /Servlet/XmlServlet HTTP/1.1" 200 91
127.0.0.1 - - [08/May/2025:17:17:08 +0900] "GET / HTTP/1.1" 404 808
0:0:0:0:0:0:0:1 - - [08/May/2025:17:17:10 +0900] "GET /Servlet/XmlServlet HTTP/1.1" 200 92
0:0:0:0:0:0:0:1 - - [08/May/2025:17:34:03 +0900] "GET /Servlet/upload.jsp HTTP/1.1" 200 366
0:0:0:0:0:0:0:1 - - [08/May/2025:17:45:35 +0900] "POST /Servlet/upload HTTP/1.1" 404 826
127.0.0.1 - - [08/May/2025:17:45:50 +0900] "GET / HTTP/1.1" 404 808
0:0:0:0:0:0:0:1 - - [08/May/2025:17:45:57 +0900] "POST /Servlet/upload HTTP/1.1" 500 1649
127.0.0.1 - - [08/May/2025:17:46:25 +0900] "GET / HTTP/1.1" 404 808
0:0:0:0:0:0:0:1 - - [08/May/2025:17:46:32 +0900] "GET /Servlet/upload HTTP/1.1" 405 826
0:0:0:0:0:0:0:1 - - [08/May/2025:17:46:49 +0900] "GET /Servlet/upload HTTP/1.1" 405 826
0:0:0:0:0:0:0:1 - - [08/May/2025:17:46:50 +0900] "GET /Servlet/upload HTTP/1.1" 405 826
127.0.0.1 - - [08/May/2025:17:47:13 +0900] "GET / HTTP/1.1" 404 808
0:0:0:0:0:0:0:1 - - [08/May/2025:17:47:18 +0900] "GET /Servlet/upload HTTP/1.1" 405 826
0:0:0:0:0:0:0:1 - - [08/May/2025:17:47:20 +0900] "GET /Servlet/upload HTTP/1.1" 405 826
0:0:0:0:0:0:0:1 - - [08/May/2025:17:47:23 +0900] "GET /Servlet/uplod HTTP/1.1" 404 825
0:0:0:0:0:0:0:1 - - [08/May/2025:17:47:26 +0900] "GET /Servlet/upload HTTP/1.1" 405 826
127.0.0.1 - - [08/May/2025:17:47:42 +0900] "GET / HTTP/1.1" 404 808
0:0:0:0:0:0:0:1 - - [08/May/2025:17:47:46 +0900] "GET /Servlet/upload HTTP/1.1" 405 826
0:0:0:0:0:0:0:1 - - [08/May/2025:17:47:47 +0900] "GET /Servlet/upload HTTP/1.1" 405 826
0:0:0:0:0:0:0:1 - - [08/May/2025:17:47:47 +0900] "GET /Servlet/upload HTTP/1.1" 405 826
127.0.0.1 - - [08/May/2025:17:49:59 +0900] "GET / HTTP/1.1" 404 808
0:0:0:0:0:0:0:1 - - [08/May/2025:17:50:04 +0900] "GET /Servlet/upload HTTP/1.1" 405 826
0:0:0:0:0:0:0:1 - - [08/May/2025:17:50:05 +0900] "GET /Servlet/upload HTTP/1.1" 405 826
0:0:0:0:0:0:0:1 - - [08/May/2025:17:50:05 +0900] "GET /Servlet/upload HTTP/1.1" 405 826
127.0.0.1 - - [08/May/2025:17:51:19 +0900] "GET / HTTP/1.1" 404 808
0:0:0:0:0:0:0:1 - - [08/May/2025:17:51:24 +0900] "GET /Servlet/upload HTTP/1.1" 405 826
0:0:0:0:0:0:0:1 - - [08/May/2025:17:51:30 +0900] "GET /Servlet/uploa HTTP/1.1" 404 825
0:0:0:0:0:0:0:1 - - [08/May/2025:17:51:33 +0900] "GET /Servlet/upload HTTP/1.1" 405 826
0:0:0:0:0:0:0:1 - - [08/May/2025:17:53:48 +0900] "GET /Servlet/upload HTTP/1.1" 405 826
127.0.0.1 - - [08/May/2025:17:54:07 +0900] "GET / HTTP/1.1" 404 808
0:0:0:0:0:0:0:1 - - [08/May/2025:17:54:11 +0900] "GET /Servlet/upload HTTP/1.1" 405 826
127.0.0.1 - - [08/May/2025:18:00:31 +0900] "GET / HTTP/1.1" 404 808
0:0:0:0:0:0:0:1 - - [08/May/2025:18:00:35 +0900] "GET /Servlet/upload HTTP/1.1" 405 826
0:0:0:0:0:0:0:1 - - [08/May/2025:18:00:36 +0900] "GET /Servlet/upload HTTP/1.1" 405 826
0:0:0:0:0:0:0:1 - - [08/May/2025:18:00:37 +0900] "GET /Servlet/upload HTTP/1.1" 405 826
127.0.0.1 - - [08/May/2025:18:17:50 +0900] "GET / HTTP/1.1" 404 808
0:0:0:0:0:0:0:1 - - [08/May/2025:18:17:51 +0900] "GET /Servlet/download.jsp HTTP/1.1" 200 365
